Collecting fastapi>=0.111.0 (from -r requirements-py313.txt (line 1))
  Using cached fastapi-0.142.2-py3-none-any.whl.metadata (27 kB)
Collecting uvicorn>=0.29.0 (from uvicorn[standard]>=0.29.0->-r requirements-py313.txt (line 2))
  Using cached uvicorn-0.54.0-py3-none-any.whl.metadata (6.6 kB)
Collecting pydantic>=2.7.0 (from -r requirements-py313.txt (line 3))
  Using cached pydantic-2.13.5-py3-none-any.whl.metadata (110 kB)
Collecting pydantic-settings>=2.2.0 (from -r requirements-py313.txt (line 4))
  Using cached pydantic_settings-2.15.0-py3-none-any.whl.metadata (3.9 kB)
Collecting python-multipart>=0.0.9 (from -r requirements-py313.txt (line 5))
  Using cached python_multipart-0.0.32-py3-none-any.whl.metadata (2.1 kB)
Collecting sentence-transformers>=2.7.0 (from -r requirements-py313.txt (line 6))
  Using cached sentence_transformers-6.1.0-py3-none-any.whl.metadata (20 kB)
Collecting torch>=2.2.0 (from -r requirements-py313.txt (line 7))
  Using cached torch-2.14.1-cp314-cp314-win_amd64.whl.metadata (38 kB)
Collecting transformers>=4.40.0 (from -r requirements-py313.txt (line 8))
  Using cached transformers-5.18.0-py3-none-any.whl.metadata (32 kB)
Collecting tokenizers>=0.19.0 (from -r requirements-py313.txt (line 9))
  Using cached tokenizers-0.23.2-cp310-abi3-win_amd64.whl.metadata (10 kB)
Collecting huggingface-hub>=0.23.0 (from -r requirements-py313.txt (line 10))
  Using cached huggingface_hub-2.0.0-py3-none-any.whl.metadata (16 kB)
Collecting onnxruntime>=1.18.0 (from -r requirements-py313.txt (line 11))
  Using cached onnxruntime-1.30.0-cp314-cp314-win_amd64.whl.metadata (5.9 kB)
Collecting optimum>=1.20.0 (from -r requirements-py313.txt (line 12))
  Using cached optimum-2.3.0-py3-none-any.whl.metadata (14 kB)
Collecting faiss-cpu>=1.8.0 (from -r requirements-py313.txt (line 13))
  Using cached faiss_cpu-1.15.1-cp314-cp314-win_amd64.whl.metadata (7.8 kB)
Collecting bm25s>=0.1.10 (from -r requirements-py313.txt (line 14))
  Using cached bm25s-0.3.11-py3-none-any.whl.metadata (29 kB)
Collecting rank-bm25>=0.2.2 (from -r requirements-py313.txt (line 15))
  Using cached rank_bm25-0.2.2-py3-none-any.whl.metadata (3.2 kB)
Collecting tree-sitter>=0.22.0 (from -r requirements-py313.txt (line 16))
  Using cached tree_sitter-0.26.0-cp314-cp314-win_amd64.whl.metadata (10 kB)
Collecting redis>=5.0.0 (from -r requirements-py313.txt (line 17))
  Using cached redis-8.1.0-py3-none-any.whl.metadata (16 kB)
Collecting cachetools>=5.3.0 (from -r requirements-py313.txt (line 18))
  Using cached cachetools-7.2.0-py3-none-any.whl.metadata (5.5 kB)
Collecting mteb>=1.14.0 (from -r requirements-py313.txt (line 19))
  Using cached mteb-2.21.10-py3-none-any.whl.metadata (22 kB)
Collecting numpy>=1.26.0 (from -r requirements-py313.txt (line 20))
  Using cached numpy-2.5.3-cp314-cp314-win_amd64.whl.metadata (6.6 kB)
Collecting scipy>=1.13.0 (from -r requirements-py313.txt (line 21))
  Using cached scipy-1.18.1-cp314-cp314-win_amd64.whl.metadata (61 kB)
Collecting tqdm>=4.66.0 (from -r requirements-py313.txt (line 22))
  Using cached tqdm-4.70.1-py3-none-any.whl.metadata (57 kB)
Collecting python-dotenv>=1.0.0 (from -r requirements-py313.txt (line 23))
  Using cached python_dotenv-1.2.3-py3-none-any.whl.metadata (29 kB)
Collecting httpx>=0.27.0 (from -r requirements-py313.txt (line 24))
  Using cached httpx-0.28.1-py3-none-any.whl.metadata (7.1 kB)
Collecting aiofiles>=23.2.0 (from -r requirements-py313.txt (line 25))
  Using cached aiofiles-25.1.0-py3-none-any.whl.metadata (6.3 kB)
Collecting anyio>=4.3.0 (from -r requirements-py313.txt (line 26))
  Using cached anyio-4.15.1-py3-none-any.whl.metadata (4.7 kB)
Collecting pytest>=8.2.0 (from -r requirements-py313.txt (line 27))
  Using cached pytest-9.1.1-py3-none-any.whl.metadata (7.6 kB)
Collecting pytest-asyncio>=0.23.0 (from -r requirements-py313.txt (line 28))
  Using cached pytest_asyncio-1.4.0-py3-none-any.whl.metadata (4.1 kB)
Collecting pytest-cov>=5.0.0 (from -r requirements-py313.txt (line 29))
  Using cached pytest_cov-7.1.0-py3-none-any.whl.metadata (32 kB)
Collecting locust>=2.28.0 (from -r requirements-py313.txt (line 30))
  Using cached locust-2.46.6-py3-none-any.whl.metadata (11 kB)
Collecting slowapi>=0.1.9 (from -r requirements-py313.txt (line 31))
  Using cached slowapi-0.1.10-py3-none-any.whl.metadata (3.3 kB)
Collecting starlette>=0.46.0 (from fastapi>=0.111.0->-r requirements-py313.txt (line 1))
  Using cached starlette-1.7.0-py3-none-any.whl.metadata (6.6 kB)
Collecting typing-extensions>=4.8.0 (from fastapi>=0.111.0->-r requirements-py313.txt (line 1))
  Using cached typing_extensions-4.16.0-py3-none-any.whl.metadata (3.3 kB)
Collecting typing-inspection>=0.4.2 (from fastapi>=0.111.0->-r requirements-py313.txt (line 1))
  Using cached typing_inspection-0.4.4-py3-none-any.whl.metadata (2.6 kB)
Collecting annotated-doc>=0.0.2 (from fastapi>=0.111.0->-r requirements-py313.txt (line 1))
  Using cached annotated_doc-0.0.5-py3-none-any.whl.metadata (6.5 kB)
Collecting opentelemetry-api>=1.44.0 (from fastapi>=0.111.0->-r requirements-py313.txt (line 1))
  Using cached opentelemetry_api-1.45.0-py3-none-any.whl.metadata (1.4 kB)
Collecting click>=7.0 (from uvicorn>=0.29.0->uvicorn[standard]>=0.29.0->-r requirements-py313.txt (line 2))
  Using cached click-8.5.0-py3-none-any.whl.metadata (2.6 kB)
Collecting h11>=0.8 (from uvicorn>=0.29.0->uvicorn[standard]>=0.29.0->-r requirements-py313.txt (line 2))
  Using cached h11-0.16.0-py3-none-any.whl.metadata (8.3 kB)
Collecting annotated-types>=0.6.0 (from pydantic>=2.7.0->-r requirements-py313.txt (line 3))
  Using cached annotated_types-0.8.0-py3-none-any.whl.metadata (15 kB)
Collecting pydantic-core==2.46.5 (from pydantic>=2.7.0->-r requirements-py313.txt (line 3))
  Using cached pydantic_core-2.46.5-cp314-cp314-win_amd64.whl.metadata (6.7 kB)
Collecting huggingface-hub>=0.23.0 (from -r requirements-py313.txt (line 10))
  Using cached huggingface_hub-1.33.0-py3-none-any.whl.metadata (16 kB)
Collecting scikit-learn>=1.1.0 (from sentence-transformers>=2.7.0->-r requirements-py313.txt (line 6))
  Using cached scikit_learn-1.9.1-cp314-cp314-win_amd64.whl.metadata (9.3 kB)
Collecting packaging>=20.0 (from transformers>=4.40.0->-r requirements-py313.txt (line 8))
  Using cached packaging-26.3-py3-none-any.whl.metadata (3.5 kB)
Collecting pyyaml>=5.1 (from transformers>=4.40.0->-r requirements-py313.txt (line 8))
  Using cached pyyaml-6.0.3-cp314-cp314-win_amd64.whl.metadata (2.4 kB)
Collecting regex>=2025.10.22 (from transformers>=4.40.0->-r requirements-py313.txt (line 8))
  Using cached regex-2026.9.29-cp314-cp314-win_amd64.whl.metadata (41 kB)
Collecting typer (from transformers>=4.40.0->-r requirements-py313.txt (line 8))
  Using cached typer-0.27.2-py3-none-any.whl.metadata (16 kB)
Collecting safetensors>=0.8.0 (from transformers>=4.40.0->-r requirements-py313.txt (line 8))
  Using cached safetensors-0.8.0-cp310-abi3-win_amd64.whl.metadata (4.2 kB)
Collecting filelock>=3.10.0 (from huggingface-hub>=0.23.0->-r requirements-py313.txt (line 10))
  Using cached filelock-4.0.7-py3-none-any.whl.metadata (2.0 kB)
Collecting fsspec>=2023.5.0 (from huggingface-hub>=0.23.0->-r requirements-py313.txt (line 10))
  Using cached fsspec-2026.9.0-py3-none-any.whl.metadata (10 kB)
Collecting hf-xet<2.0.0,>=1.6.0 (from huggingface-hub>=0.23.0->-r requirements-py313.txt (line 10))
  Using cached hf_xet-1.6.0-cp38-abi3-win_amd64.whl.metadata (4.9 kB)
Collecting certifi (from httpx>=0.27.0->-r requirements-py313.txt (line 24))
  Using cached certifi-2026.7.22-py3-none-any.whl.metadata (2.5 kB)
Collecting httpcore==1.* (from httpx>=0.27.0->-r requirements-py313.txt (line 24))
  Using cached httpcore-1.0.9-py3-none-any.whl.metadata (21 kB)
Collecting idna (from httpx>=0.27.0->-r requirements-py313.txt (line 24))
  Using cached idna-3.20-py3-none-any.whl.metadata (7.2 kB)
Collecting setuptools>=77.0.3 (from torch>=2.2.0->-r requirements-py313.txt (line 7))
  Using cached setuptools-84.0.0-py3-none-any.whl.metadata (6.6 kB)
Collecting sympy>=1.13.3 (from torch>=2.2.0->-r requirements-py313.txt (line 7))
  Using cached sympy-1.14.0-py3-none-any.whl.metadata (12 kB)
Collecting networkx>=2.5.1 (from torch>=2.2.0->-r requirements-py313.txt (line 7))
  Using cached networkx-3.7-py3-none-any.whl.metadata (6.7 kB)
Collecting jinja2 (from torch>=2.2.0->-r requirements-py313.txt (line 7))
  Using cached jinja2-3.1.6-py3-none-any.whl.metadata (2.9 kB)
Collecting flatbuffers (from onnxruntime>=1.18.0->-r requirements-py313.txt (line 11))
  Using cached flatbuffers-25.12.19-py2.py3-none-any.whl.metadata (1.0 kB)
Collecting protobuf>=4.25.8 (from onnxruntime>=1.18.0->-r requirements-py313.txt (line 11))
  Using cached protobuf-7.36.2-cp310-abi3-win_amd64.whl.metadata (595 bytes)
Collecting datasets>=2.19.0 (from mteb>=1.14.0->-r requirements-py313.txt (line 19))
  Using cached datasets-5.0.1-py3-none-any.whl.metadata (23 kB)
Collecting requests>=2.26.0 (from mteb>=1.14.0->-r requirements-py313.txt (line 19))
  Using cached requests-2.34.2-py3-none-any.whl.metadata (4.8 kB)
Collecting rich>=13.0.0 (from mteb>=1.14.0->-r requirements-py313.txt (line 19))
  Using cached rich-15.0.0-py3-none-any.whl.metadata (18 kB)
Collecting pytrec-eval-terrier>=0.5.6 (from mteb>=1.14.0->-r requirements-py313.txt (line 19))
  Using cached pytrec_eval_terrier-0.5.10-cp314-cp314-win_amd64.whl.metadata (1.1 kB)
Collecting polars>=1.0.0 (from mteb>=1.14.0->-r requirements-py313.txt (line 19))
  Using cached polars-1.44.2-py3-none-any.whl.metadata (11 kB)
Collecting colorama (from tqdm>=4.66.0->-r requirements-py313.txt (line 22))
  Using cached colorama-0.4.6-py2.py3-none-any.whl.metadata (17 kB)
Collecting iniconfig>=1.0.1 (from pytest>=8.2.0->-r requirements-py313.txt (line 27))
  Using cached iniconfig-2.3.0-py3-none-any.whl.metadata (2.5 kB)
Collecting pluggy<2,>=1.5 (from pytest>=8.2.0->-r requirements-py313.txt (line 27))
  Using cached pluggy-1.6.0-py3-none-any.whl.metadata (4.8 kB)
Collecting pygments>=2.7.2 (from pytest>=8.2.0->-r requirements-py313.txt (line 27))
  Using cached pygments-2.21.0-py3-none-any.whl.metadata (2.5 kB)
Collecting coverage>=7.10.6 (from coverage[toml]>=7.10.6->pytest-cov>=5.0.0->-r requirements-py313.txt (line 29))
  Using cached coverage-7.16.2-cp314-cp314-win_amd64.whl.metadata (8.4 kB)
Collecting configargparse>=1.7.1 (from locust>=2.28.0->-r requirements-py313.txt (line 30))
  Using cached configargparse-1.8.0-py3-none-any.whl.metadata (23 kB)
Collecting flask-cors>=3.0.10 (from locust>=2.28.0->-r requirements-py313.txt (line 30))
  Using cached flask_cors-6.0.5-py3-none-any.whl.metadata (5.4 kB)
Collecting flask-login>=0.6.3 (from locust>=2.28.0->-r requirements-py313.txt (line 30))
  Using cached Flask_Login-0.6.3-py3-none-any.whl.metadata (5.8 kB)
Collecting flask>=2.0.0 (from locust>=2.28.0->-r requirements-py313.txt (line 30))
  Using cached flask-3.1.3-py3-none-any.whl.metadata (3.2 kB)
Collecting gevent>=24.10.1 (from locust>=2.28.0->-r requirements-py313.txt (line 30))
  Using cached gevent-26.9.0-cp314-cp314-win_amd64.whl.metadata (14 kB)
Collecting geventhttpclient>=2.3.1 (from locust>=2.28.0->-r requirements-py313.txt (line 30))
  Using cached geventhttpclient-2.5.1-cp314-cp314-win_amd64.whl.metadata (10 kB)
Collecting msgpack>=1.0.0 (from locust>=2.28.0->-r requirements-py313.txt (line 30))
  Using cached msgpack-1.2.3-cp314-cp314-win_amd64.whl.metadata (8.5 kB)
Collecting psutil>=5.9.1 (from locust>=2.28.0->-r requirements-py313.txt (line 30))
  Using cached psutil-7.2.2-cp37-abi3-win_amd64.whl.metadata (22 kB)
Collecting python-engineio>=4.12.2 (from locust>=2.28.0->-r requirements-py313.txt (line 30))
  Using cached python_engineio-4.14.0-py3-none-any.whl.metadata (2.5 kB)
Collecting python-socketio>=5.13.0 (from python-socketio[client]>=5.13.0->locust>=2.28.0->-r requirements-py313.txt (line 30))
  Using cached python_socketio-5.17.0-py3-none-any.whl.metadata (3.6 kB)
Collecting pywin32 (from locust>=2.28.0->-r requirements-py313.txt (line 30))
  Using cached pywin32-312-cp314-cp314-win_amd64.whl.metadata (11 kB)
Collecting pyzmq>=25.0.0 (from locust>=2.28.0->-r requirements-py313.txt (line 30))
  Using cached pyzmq-27.2.0-cp312-abi3-win_amd64.whl.metadata (3.8 kB)
Collecting werkzeug>=2.0.0 (from locust>=2.28.0->-r requirements-py313.txt (line 30))
  Using cached werkzeug-3.1.9-py3-none-any.whl.metadata (4.1 kB)
Collecting limits>=2.3 (from slowapi>=0.1.9->-r requirements-py313.txt (line 31))
  Using cached limits-5.8.0-py3-none-any.whl.metadata (10 kB)
Collecting pyarrow>=21.0.0 (from datasets>=2.19.0->mteb>=1.14.0->-r requirements-py313.txt (line 19))
  Using cached pyarrow-25.0.1-cp314-cp314-win_amd64.whl.metadata (3.0 kB)
Collecting dill<0.4.2,>=0.3.0 (from datasets>=2.19.0->mteb>=1.14.0->-r requirements-py313.txt (line 19))
  Using cached dill-0.4.1-py3-none-any.whl.metadata (10 kB)
Collecting pandas (from datasets>=2.19.0->mteb>=1.14.0->-r requirements-py313.txt (line 19))
  Using cached pandas-3.0.6-cp314-cp314-win_amd64.whl.metadata (19 kB)
Collecting xxhash (from datasets>=2.19.0->mteb>=1.14.0->-r requirements-py313.txt (line 19))
  Using cached xxhash-4.0.1-cp314-cp314-win_amd64.whl.metadata (18 kB)
Collecting multiprocess<0.70.20 (from datasets>=2.19.0->mteb>=1.14.0->-r requirements-py313.txt (line 19))
  Using cached multiprocess-0.70.19-py314-none-any.whl.metadata (7.2 kB)
Collecting fsspec>=2023.5.0 (from huggingface-hub>=0.23.0->-r requirements-py313.txt (line 10))
  Using cached fsspec-2026.6.0-py3-none-any.whl.metadata (10 kB)
Collecting aiohttp!=4.0.0a0,!=4.0.0a1 (from fsspec[http]<=2026.6.0,>=2023.1.0->datasets>=2.19.0->mteb>=1.14.0->-r requirements-py313.txt (line 19))
  Using cached aiohttp-3.14.3-cp314-cp314-win_amd64.whl.metadata (8.5 kB)
Collecting aiohappyeyeballs>=2.5.0 (from aiohttp!=4.0.0a0,!=4.0.0a1->fsspec[http]<=2026.6.0,>=2023.1.0->datasets>=2.19.0->mteb>=1.14.0->-r requirements-py313.txt (line 19))
  Using cached aiohappyeyeballs-2.7.1-py3-none-any.whl.metadata (5.9 kB)
Collecting aiosignal>=1.4.0 (from aiohttp!=4.0.0a0,!=4.0.0a1->fsspec[http]<=2026.6.0,>=2023.1.0->datasets>=2.19.0->mteb>=1.14.0->-r requirements-py313.txt (line 19))
  Using cached aiosignal-1.4.0-py3-none-any.whl.metadata (3.7 kB)
Collecting attrs>=17.3.0 (from aiohttp!=4.0.0a0,!=4.0.0a1->fsspec[http]<=2026.6.0,>=2023.1.0->datasets>=2.19.0->mteb>=1.14.0->-r requirements-py313.txt (line 19))
  Using cached attrs-26.1.0-py3-none-any.whl.metadata (8.8 kB)
Collecting frozenlist>=1.1.1 (from aiohttp!=4.0.0a0,!=4.0.0a1->fsspec[http]<=2026.6.0,>=2023.1.0->datasets>=2.19.0->mteb>=1.14.0->-r requirements-py313.txt (line 19))
  Using cached frozenlist-1.8.0-cp314-cp314-win_amd64.whl.metadata (21 kB)
Collecting multidict<7.0,>=4.5 (from aiohttp!=4.0.0a0,!=4.0.0a1->fsspec[http]<=2026.6.0,>=2023.1.0->datasets>=2.19.0->mteb>=1.14.0->-r requirements-py313.txt (line 19))
  Using cached multidict-6.9.1-cp314-cp314-win_amd64.whl.metadata (5.4 kB)
Collecting propcache>=0.2.0 (from aiohttp!=4.0.0a0,!=4.0.0a1->fsspec[http]<=2026.6.0,>=2023.1.0->datasets>=2.19.0->mteb>=1.14.0->-r requirements-py313.txt (line 19))
  Using cached propcache-0.5.4-cp314-cp314-win_amd64.whl.metadata (25 kB)
Collecting yarl<2.0,>=1.17.0 (from aiohttp!=4.0.0a0,!=4.0.0a1->fsspec[http]<=2026.6.0,>=2023.1.0->datasets>=2.19.0->mteb>=1.14.0->-r requirements-py313.txt (line 19))
  Using cached yarl-1.25.1-cp314-cp314-win_amd64.whl.metadata (115 kB)
Collecting blinker>=1.9.0 (from flask>=2.0.0->locust>=2.28.0->-r requirements-py313.txt (line 30))
  Using cached blinker-1.9.0-py3-none-any.whl.metadata (1.6 kB)
Collecting itsdangerous>=2.2.0 (from flask>=2.0.0->locust>=2.28.0->-r requirements-py313.txt (line 30))
  Using cached itsdangerous-2.2.0-py3-none-any.whl.metadata (1.9 kB)
Collecting markupsafe>=2.1.1 (from flask>=2.0.0->locust>=2.28.0->-r requirements-py313.txt (line 30))
  Using cached markupsafe-3.0.3-cp314-cp314-win_amd64.whl.metadata (2.8 kB)
Collecting greenlet>=3.2.2 (from gevent>=24.10.1->locust>=2.28.0->-r requirements-py313.txt (line 30))
  Using cached greenlet-3.5.6-cp314-cp314-win_amd64.whl.metadata (3.9 kB)
Collecting cffi>=2.1.1 (from gevent>=24.10.1->locust>=2.28.0->-r requirements-py313.txt (line 30))
  Using cached cffi-2.1.1-cp314-cp314-win_amd64.whl.metadata (2.6 kB)
Collecting zope.event (from gevent>=24.10.1->locust>=2.28.0->-r requirements-py313.txt (line 30))
  Using cached zope_event-6.2-py3-none-any.whl.metadata (5.4 kB)
Collecting zope.interface (from gevent>=24.10.1->locust>=2.28.0->-r requirements-py313.txt (line 30))
  Using cached zope_interface-8.6-cp314-cp314-win_amd64.whl.metadata (48 kB)
Collecting pycparser (from cffi>=2.1.1->gevent>=24.10.1->locust>=2.28.0->-r requirements-py313.txt (line 30))
  Using cached pycparser-3.0-py3-none-any.whl.metadata (8.2 kB)
Collecting brotli (from geventhttpclient>=2.3.1->locust>=2.28.0->-r requirements-py313.txt (line 30))
  Using cached brotli-1.2.0-cp314-cp314-win_amd64.whl.metadata (6.3 kB)
Collecting deprecated>=1.2 (from limits>=2.3->slowapi>=0.1.9->-r requirements-py313.txt (line 31))
  Using cached deprecated-3.0.0-py3-none-any.whl.metadata (6.5 kB)
Collecting wrapt<3,>=1.16 (from deprecated>=1.2->limits>=2.3->slowapi>=0.1.9->-r requirements-py313.txt (line 31))
  Using cached wrapt-2.5.0-cp314-cp314-win_amd64.whl.metadata (7.7 kB)
Collecting polars-runtime-32==1.44.2 (from polars>=1.0.0->mteb>=1.14.0->-r requirements-py313.txt (line 19))
  Using cached polars_runtime_32-1.44.2-cp310-abi3-win_amd64.whl.metadata (1.5 kB)
Collecting simple-websocket>=0.10.0 (from python-engineio>=4.12.2->locust>=2.28.0->-r requirements-py313.txt (line 30))
  Using cached simple_websocket-1.1.0-py3-none-any.whl.metadata (1.5 kB)
Collecting bidict>=0.21.0 (from python-socketio>=5.13.0->python-socketio[client]>=5.13.0->locust>=2.28.0->-r requirements-py313.txt (line 30))
  Using cached bidict-0.24.1-py3-none-any.whl.metadata (8.7 kB)
Collecting websocket-client>=0.54.0 (from python-socketio[client]>=5.13.0->locust>=2.28.0->-r requirements-py313.txt (line 30))
  Using cached websocket_client-1.9.2-py3-none-any.whl.metadata (8.3 kB)
Collecting charset_normalizer<4,>=2 (from requests>=2.26.0->mteb>=1.14.0->-r requirements-py313.txt (line 19))
  Using cached charset_normalizer-3.5.2-cp314-cp314-win_amd64.whl.metadata (47 kB)
Collecting urllib3<3,>=1.26 (from requests>=2.26.0->mteb>=1.14.0->-r requirements-py313.txt (line 19))
  Using cached urllib3-2.8.0-py3-none-any.whl.metadata (7.4 kB)
Collecting markdown-it-py>=2.2.0 (from rich>=13.0.0->mteb>=1.14.0->-r requirements-py313.txt (line 19))
  Using cached markdown_it_py-4.2.0-py3-none-any.whl.metadata (7.4 kB)
Collecting mdurl~=0.1 (from markdown-it-py>=2.2.0->rich>=13.0.0->mteb>=1.14.0->-r requirements-py313.txt (line 19))
  Using cached mdurl-0.1.2-py3-none-any.whl.metadata (1.6 kB)
Collecting joblib>=1.4.0 (from scikit-learn>=1.1.0->sentence-transformers>=2.7.0->-r requirements-py313.txt (line 6))
  Using cached joblib-1.6.0-py3-none-any.whl.metadata (6.5 kB)
Collecting narwhals>=2.0.1 (from scikit-learn>=1.1.0->sentence-transformers>=2.7.0->-r requirements-py313.txt (line 6))
  Using cached narwhals-2.26.0-py3-none-any.whl.metadata (15 kB)
Collecting threadpoolctl>=3.5.0 (from scikit-learn>=1.1.0->sentence-transformers>=2.7.0->-r requirements-py313.txt (line 6))
  Using cached threadpoolctl-3.7.0-py3-none-any.whl.metadata (24 kB)
Collecting cloudpickle>=3.0 (from joblib>=1.4.0->scikit-learn>=1.1.0->sentence-transformers>=2.7.0->-r requirements-py313.txt (line 6))
  Using cached cloudpickle-3.1.2-py3-none-any.whl.metadata (7.1 kB)
Collecting wsproto (from simple-websocket>=0.10.0->python-engineio>=4.12.2->locust>=2.28.0->-r requirements-py313.txt (line 30))
  Using cached wsproto-1.3.2-py3-none-any.whl.metadata (5.2 kB)
Collecting mpmath<1.4,>=1.1.0 (from sympy>=1.13.3->torch>=2.2.0->-r requirements-py313.txt (line 7))
  Using cached mpmath-1.3.0-py3-none-any.whl.metadata (8.6 kB)
Collecting httptools>=0.8.0 (from uvicorn[standard]>=0.29.0->-r requirements-py313.txt (line 2))
  Using cached httptools-0.8.0-cp314-cp314-win_amd64.whl.metadata (3.7 kB)
Collecting watchfiles>=0.20 (from uvicorn[standard]>=0.29.0->-r requirements-py313.txt (line 2))
  Using cached watchfiles-1.3.0-cp310-abi3-win_amd64.whl.metadata (5.0 kB)
Collecting websockets>=13.0 (from uvicorn[standard]>=0.29.0->-r requirements-py313.txt (line 2))
  Using cached websockets-17.1-cp314-cp314-win_amd64.whl.metadata (6.5 kB)
Collecting python-dateutil>=2.8.2 (from pandas->datasets>=2.19.0->mteb>=1.14.0->-r requirements-py313.txt (line 19))
  Using cached python_dateutil-2.9.0.post0-py2.py3-none-any.whl.metadata (8.4 kB)
Collecting tzdata (from pandas->datasets>=2.19.0->mteb>=1.14.0->-r requirements-py313.txt (line 19))
  Using cached tzdata-2026.4-py2.py3-none-any.whl.metadata (1.4 kB)
Collecting six>=1.5 (from python-dateutil>=2.8.2->pandas->datasets>=2.19.0->mteb>=1.14.0->-r requirements-py313.txt (line 19))
  Using cached six-1.17.0-py2.py3-none-any.whl.metadata (1.7 kB)
Collecting shellingham>=1.3.0 (from typer->transformers>=4.40.0->-r requirements-py313.txt (line 8))
  Using cached shellingham-1.5.4-py2.py3-none-any.whl.metadata (3.5 kB)
Using cached fastapi-0.142.2-py3-none-any.whl (144 kB)
Using cached uvicorn-0.54.0-py3-none-any.whl (87 kB)
Using cached pydantic-2.13.5-py3-none-any.whl (472 kB)
Using cached pydantic_core-2.46.5-cp314-cp314-win_amd64.whl (2.0 MB)
Using cached pydantic_settings-2.15.0-py3-none-any.whl (69 kB)
Using cached python_multipart-0.0.32-py3-none-any.whl (30 kB)
Using cached sentence_transformers-6.1.0-py3-none-any.whl (740 kB)
Using cached transformers-5.18.0-py3-none-any.whl (12.6 MB)
Using cached tokenizers-0.23.2-cp310-abi3-win_amd64.whl (2.9 MB)
Using cached huggingface_hub-1.33.0-py3-none-any.whl (846 kB)
Using cached httpx-0.28.1-py3-none-any.whl (73 kB)
Using cached click-8.5.0-py3-none-any.whl (125 kB)
Using cached hf_xet-1.6.0-cp38-abi3-win_amd64.whl (4.0 MB)
Using cached httpcore-1.0.9-py3-none-any.whl (78 kB)
Downloading torch-2.14.1-cp314-cp314-win_amd64.whl (124.1 MB)
   --------------------                    65.8/124.1 MB 254.3 kB/s eta 0:03:50
